C51 COMPILER V9.00   MAIN                                                                  05/24/2022 23:17:57 PAGE 1   


C51 COMPILER V9.00, COMPILATION OF MODULE MAIN
OBJECT MODULE PLACED IN .\Out_File\main.obj
COMPILER INVOKED BY: D:\Keil\Keil_5\C51\BIN\C51.EXE ..\USER\src\main.c LARGE OMF2 OPTIMIZE(8,SPEED) BROWSE INCDIR(..\..\
                    -Libraries\libraries;..\..\Libraries\seekfree_libraries;..\..\Libraries\seekfree_peripheral;..\USER\inc;..\USER\src;..\CO
                    -DE) DEBUG PRINT(.\Out_File\main.lst) TABS(2) OBJECT(.\Out_File\main.obj)

line level    source

   1          /*********************************************************************************************************
             -************
   2           * COPYRIGHT NOTICE
   3           * Copyright (c) 2020,逐飞科技
   4           * All rights reserved.
   5           * 技术讨论QQ群：一群：179029047(已满)  二群：244861897(已满)  三群：824575535
   6           *
   7           * 以下所有内容版权均属逐飞科技所有，未经允许不得用于商业用途，
   8           * 欢迎各位使用并传播本程序，修改内容时必须保留逐飞科技的版权声明。
   9           *
  10           * @file          main
  11           * @company       成都逐飞科技有限公司
  12           * @author        逐飞科技(QQ790875685)
  13           * @version       查看doc内version文件 版本说明
  14           * @Software    MDK FOR C51 V9.60
  15           * @Target core   STC8H8K64S4
  16           * @Taobao      https://seekfree.taobao.com/
  17           * @date          2020-06-01
  18           *********************************************************************************************************
             -***********/
  19          
  20          #include "headfile.h"
  21          #define KEY0 P34
  22          #define KEY1 P35
  23          #define KEY2 P36
  24          #define KEY3 P37
  25          #define KEY0_PRESS 1
  26          #define KEY1_PRESS 2
  27          #define KEY2_PRESS 3
  28          #define KEY3_PRESS 4
  29          #define LED0 P70
  30          #define LED1 P71
  31          #define LED2 P72
  32          #define LED3 P73
  33          
  34          #define BEEP P11
  35          uint16 duty;
  36          
  37          uint8 key_scan(void)
  38          {
  39   1          if((KEY0==0)||(KEY1==0)||(KEY2==0)||(KEY3==0))
  40   1        {
  41   2          delay_ms(10);//去抖动 
  42   2          if(KEY0==0)
  43   2          {
  44   3            while(!KEY0)
  45   3              ;
  46   3            return KEY0_PRESS;
  47   3          }
  48   2          if(KEY1==0)
  49   2          {
  50   3            while(!KEY1)
  51   3              ;
C51 COMPILER V9.00   MAIN                                                                  05/24/2022 23:17:57 PAGE 2   

  52   3      
  53   3            return KEY1_PRESS;
  54   3          }
  55   2              if(KEY2==0)
  56   2          {
  57   3            while(!KEY2)
  58   3              ;
  59   3            return KEY2_PRESS;
  60   3          }
  61   2              if(KEY3==0)
  62   2          {
  63   3            while(!KEY3)
  64   3              ;
  65   3            return KEY3_PRESS;
  66   3          }
  67   2        }        
  68   1        return 0;// 无按键按下
  69   1      }
  70          
  71          void delay(uint16 duty)
  72          {
  73   1        uint16 i=10000;
  74   1        while(--i);
  75   1        {
  76   2          if(i<duty) LED0=1;
  77   2                else LED0=0;
  78   2        }
  79   1           
  80   1      }
  81          //board.h文件中FOSC的值设置为0,则程序自动识别系统频率
  82          
  83          /*board.h文件中FOSC的值设置不为0，则系统频率为FOSC的值，
  84          在使用stc-isp工具下载程序的时候需要将IRC频率设置为FOSC的值*/
  85          
  86          /*在board_init中,已经将P54引脚设置为复位，
  87          如果需要使用P54引脚,可以在board.c文件中的board_init()函数中删除SET_P54_RESRT即可*/
  88          
  89          void main()
  90          {
  91   1      
  92   1        DisableGlobalIRQ();   //关闭总中断
  93   1        board_init();     //初始化内部寄存器，勿删除此句代码。
  94   1        P1M0=P1M0|0x02;//P11 pull-up out
  95   1        BEEP=1;
  96   1        delay_ms(200);
  97   1        BEEP=0;
  98   1        //此处编写用户代码(例如：外设初始化代码等)
  99   1      duty=0;
 100   1          
 101   1        EnableGlobalIRQ();    //开启总中断
 102   1          while(1)
 103   1        {
 104   2      
 105   2           //此处编写需要循环执行的代码
 106   2          switch(key_scan())
 107   2              {
 108   3                  case KEY0_PRESS:
 109   3                  {
 110   4                    duty+=100;
 111   4                  }
 112   3                  case KEY1_PRESS:
 113   3                  {
C51 COMPILER V9.00   MAIN                                                                  05/24/2022 23:17:57 PAGE 3   

 114   4                    duty-=100;
 115   4                  }
 116   3                  default:break;
 117   3              }
 118   2          delay(duty);
 119   2         }
 120   1        
 121   1      }
 122          


MODULE INFORMATION:   STATIC OVERLAYABLE
   CODE SIZE        =    166    ----
   CONSTANT SIZE    =   ----    ----
   XDATA SIZE       =      2    ----
   PDATA SIZE       =   ----    ----
   DATA SIZE        =   ----    ----
   IDATA SIZE       =   ----    ----
   BIT SIZE         =   ----    ----
   EDATA SIZE       =   ----    ----
   HDATA SIZE       =   ----    ----
   XDATA CONST SIZE =   ----    ----
   FAR CONST SIZE   =   ----    ----
END OF MODULE INFORMATION.


C51 COMPILATION COMPLETE.  0 WARNING(S),  0 ERROR(S)
